// Jest Snapshot v1, https://goo.gl/fbAQLP

exports[`<Form /> should match snapshot 1`] = `
<DocumentFragment>
  <form>
    <div>
      <input />
    </div>
  </form>
</DocumentFragment>
`;
